// Jest Snapshot v1, https://goo.gl/fbAQLP

exports[`matches snapshot 1`] = `
<DocumentFragment>
  <form
    class="ProfileForm"
  >
    <h1
      class="mb-3"
    >
      Update Your Profile
    </h1>
    <div
      class="mb-3 form-floating"
    >
      <input
        autocomplete="off"
        class="form-control"
        disabled=""
        id="profile-username"
        name="username"
        placeholder="Username"
        required=""
        type="text"
        value="test"
      />
      <label
        class="form-label"
        for="username"
      >
        Username
      </label>
    </div>
    <div
      class="mb-3 form-floating"
    >
      <input
        autocomplete="off"
        class="form-control"
        id="firstName"
        name="firstName"
        placeholder="First Name"
        required=""
        type="text"
        value=""
      />
      <label
        class="form-label"
        for="firstName"
      >
        First Name
      </label>
    </div>
    <div
      class="mb-3 form-floating"
    >
      <input
        autocomplete="off"
        class="form-control"
        id="lastName"
        name="lastName"
        placeholder="Last Name"
        required=""
        type="text"
        value=""
      />
      <label
        class="form-label"
        for="lastName"
      >
        Last Name
      </label>
    </div>
    <div
      class="mb-3 form-floating"
    >
      <input
        autocomplete="off"
        class="form-control"
        id="email"
        name="email"
        placeholder="Email"
        required=""
        type="email"
        value="test@test.com"
      />
      <label
        class="form-label"
        for="email"
      >
        Email
      </label>
    </div>
    <button
      class="btn btn-primary"
    >
      Save Changes
    </button>
  </form>
</DocumentFragment>
`;
