// Jest Snapshot v1, https://goo.gl/fbAQLP

exports[`matches snapshot 1`] = `
<DocumentFragment>
  <div
    class="JobCard my-3 card"
  >
    <div
      class="card-body"
    >
      <h4
        class="CardTitle card-title"
      />
      <div
        class="card-subtitle"
      />
      <p
        class="card-text"
      >
        Salary: $NaN
        <br />
        Equity: NaN%
      </p>
    </div>
  </div>
</DocumentFragment>
`;
