// Jest Snapshot v1, https://goo.gl/fbAQLP

exports[`renders without crashing 1`] = `
<DocumentFragment>
  <div>
    <h1>
      Welcome to our website!
    </h1>
  </div>
</DocumentFragment>
`;
