// Jest Snapshot v1, https://goo.gl/fbAQLP

exports[`matches snapshot 1`] = `
<DocumentFragment>
  <div
    class="LoadingSpinner"
  >
    <h1
      aria-label="hourglass"
      class="spinning-text"
      role="img"
    >
      âŒ›
    </h1>
    Fetching results...
  </div>
</DocumentFragment>
`;
