// Jest Snapshot v1, https://goo.gl/fbAQLP

exports[`matches snapshot 1`] = `
<DocumentFragment>
  <form
    class="LoginForm"
  >
    <h1
      class="mb-3"
    >
      Log In
    </h1>
    <div
      class="mb-3 form-floating"
    >
      <input
        autocomplete="off"
        class="form-control"
        id="username"
        name="username"
        placeholder="Username"
        required=""
        type="username"
        value=""
      />
      <label
        class="form-label"
        for="username"
      >
        Username
      </label>
    </div>
    <div
      class="mb-3 form-floating"
    >
      <input
        autocomplete="off"
        class="form-control"
        id="password"
        name="password"
        placeholder="Password"
        required=""
        type="password"
        value=""
      />
      <label
        class="form-label"
        for="password"
      >
        Password
      </label>
    </div>
    <button
      class="btn btn-primary"
    >
      Login
    </button>
  </form>
</DocumentFragment>
`;
